// Jest Snapshot v1, https://goo.gl/fbAQLP

exports[`Home coverage matches snapshot 1`] = `
<DocumentFragment>
  <div
    class="container mx-auto px-4"
    data-testid="home-page-component"
  >
    <div
      class="grid md:inline-flex text-gray-600 gap-4 place-items-center"
    >
      <div
        class="relative mx-auto w-full md:w-auto"
      >
        <input
          aria-label="Search for an smartphone"
          class="border-2 border-gray-300 bg-white h-10 px-5 pr-10 rounded-lg text-sm focus:outline-none w-[inherit]"
          placeholder="Search by brand,model"
          type="search"
        />
        <div
          class="absolute right-3 top-0 bottom-0 grid place-items-center"
        >
          <svg
            class="w-5 h-5"
            fill="currentColor"
            viewBox="0 0 20 20"
            xmlns="http://www.w3.org/2000/svg"
          >
            <path
              clip-rule="evenodd"
              d="M9 3.5a5.5 5.5 0 100 11 5.5 5.5 0 000-11zM2 9a7 7 0 1112.452 4.391l3.328 3.329a.75.75 0 11-1.06 1.06l-3.329-3.328A7 7 0 012 9z"
              fill-rule="evenodd"
            />
          </svg>
        </div>
      </div>
      <span
        aria-label="Total search results"
      />
    </div>
    <div
      class="grid grid-cols-2 md:grid-cols-3 lg:grid-cols-4 gap-y-8 justify-center"
      data-testid="productlist-component"
    >
      <div />
    </div>
  </div>
</DocumentFragment>
`;
